edu\ycp\cs\dh\acegwt\client\ace\AceEditor.class
edu\ycp\cs\dh\acegwt\client\ace\AceCommandArgs.class
edu\ycp\cs\dh\acegwt\client\ace\AceEditor$1.class
edu\ycp\cs\dh\acegwt\client\ace\AceDefaultCommandLine$1.class
edu\ycp\cs\dh\acegwt\client\ace\AceCompletionSnippet.class
edu\ycp\cs\dh\acegwt\client\ace\AceCommandDescription.class
edu\ycp\cs\dh\acegwt\client\ace\AceSelection$1.class
edu\ycp\cs\dh\acegwt\client\ace\AceCompletionProvider.class
edu\ycp\cs\dh\acegwt\client\ace\AceSelection.class
edu\ycp\cs\dh\acegwt\client\ace\AceCommandDescription$ScrollIntoView.class
edu\ycp\cs\dh\acegwt\client\ace\AceCommandDescription$MultiSelectAction.class
edu\ycp\cs\dh\acegwt\client\ace\AceCommand.class
edu\ycp\cs\dh\acegwt\client\ace\AceSelectionListener.class
edu\ycp\cs\dh\acegwt\client\ace\AceCommandLine.class
edu\ycp\cs\dh\acegwt\client\ace\AceEditorMode.class
edu\ycp\cs\dh\acegwt\client\ace\AceCompletionSnippetSegment.class
edu\ycp\cs\dh\acegwt\client\ace\AceCompletionCallback.class
edu\ycp\cs\dh\acegwt\client\ace\AceCompletionSnippetSegmentTabstopItem.class
edu\ycp\cs\dh\acegwt\client\ace\AceCommandDescription$1.class
edu\ycp\cs\dh\acegwt\client\ace\AceAnnotation.class
edu\ycp\cs\dh\acegwt\client\ace\AceAnnotationType.class
edu\ycp\cs\dh\acegwt\client\ace\AceEditorCursorPosition.class
edu\ycp\cs\dh\acegwt\client\ace\AceRange.class
edu\ycp\cs\dh\acegwt\client\ace\AceEditorTheme.class
edu\ycp\cs\dh\acegwt\client\ace\AceCommandDescription$ExecAction.class
edu\ycp\cs\dh\acegwt\client\ace\AceMarkerType.class
edu\ycp\cs\dh\acegwt\client\ace\AceCommandLineListener.class
edu\ycp\cs\dh\acegwt\client\ace\AceCompletionCallbackImpl.class
edu\ycp\cs\dh\acegwt\client\ace\AceCompletionSnippetSegmentLiteral.class
edu\ycp\cs\dh\acegwt\client\ace\AceCompletionValue.class
edu\ycp\cs\dh\acegwt\client\ace\AceDefaultCommandLine.class
edu\ycp\cs\dh\acegwt\client\ace\AceCompletion.class
edu\ycp\cs\dh\acegwt\client\ace\AceEditorCallback.class
edu\ycp\cs\dh\acegwt\client\ace\AceCommandDescription$KeyBinding.class
