C:\Users\SIMONE\Downloads\AceGWT-gwt_2.11.0\AceGWT\src\main\java\edu\ycp\cs\dh\acegwt\client\ace\AceRange.java
C:\Users\SIMONE\Downloads\AceGWT-gwt_2.11.0\AceGWT\src\main\java\edu\ycp\cs\dh\acegwt\client\ace\AceCommandLine.java
C:\Users\SIMONE\Downloads\AceGWT-gwt_2.11.0\AceGWT\src\main\java\edu\ycp\cs\dh\acegwt\client\ace\AceEditor.java
C:\Users\SIMONE\Downloads\AceGWT-gwt_2.11.0\AceGWT\src\main\java\edu\ycp\cs\dh\acegwt\client\ace\AceAnnotationType.java
C:\Users\SIMONE\Downloads\AceGWT-gwt_2.11.0\AceGWT\src\main\java\edu\ycp\cs\dh\acegwt\client\ace\AceEditorCursorPosition.java
C:\Users\SIMONE\Downloads\AceGWT-gwt_2.11.0\AceGWT\src\main\java\edu\ycp\cs\dh\acegwt\client\ace\AceCompletionCallbackImpl.java
C:\Users\SIMONE\Downloads\AceGWT-gwt_2.11.0\AceGWT\src\main\java\edu\ycp\cs\dh\acegwt\client\ace\AceCommandLineListener.java
C:\Users\SIMONE\Downloads\AceGWT-gwt_2.11.0\AceGWT\src\main\java\edu\ycp\cs\dh\acegwt\client\ace\AceCompletionSnippetSegmentTabstopItem.java
C:\Users\SIMONE\Downloads\AceGWT-gwt_2.11.0\AceGWT\src\main\java\edu\ycp\cs\dh\acegwt\client\ace\AceEditorMode.java
C:\Users\SIMONE\Downloads\AceGWT-gwt_2.11.0\AceGWT\src\main\java\edu\ycp\cs\dh\acegwt\client\ace\AceSelectionListener.java
C:\Users\SIMONE\Downloads\AceGWT-gwt_2.11.0\AceGWT\src\main\java\edu\ycp\cs\dh\acegwt\client\ace\AceAnnotation.java
C:\Users\SIMONE\Downloads\AceGWT-gwt_2.11.0\AceGWT\src\main\java\edu\ycp\cs\dh\acegwt\client\ace\AceCommandArgs.java
C:\Users\SIMONE\Downloads\AceGWT-gwt_2.11.0\AceGWT\src\main\java\edu\ycp\cs\dh\acegwt\client\ace\AceCompletionCallback.java
C:\Users\SIMONE\Downloads\AceGWT-gwt_2.11.0\AceGWT\src\main\java\edu\ycp\cs\dh\acegwt\client\ace\AceCompletionSnippetSegment.java
C:\Users\SIMONE\Downloads\AceGWT-gwt_2.11.0\AceGWT\src\main\java\edu\ycp\cs\dh\acegwt\client\ace\AceMarkerType.java
C:\Users\SIMONE\Downloads\AceGWT-gwt_2.11.0\AceGWT\src\main\java\edu\ycp\cs\dh\acegwt\client\ace\AceCompletionValue.java
C:\Users\SIMONE\Downloads\AceGWT-gwt_2.11.0\AceGWT\src\main\java\edu\ycp\cs\dh\acegwt\client\ace\AceCompletionSnippet.java
C:\Users\SIMONE\Downloads\AceGWT-gwt_2.11.0\AceGWT\src\main\java\edu\ycp\cs\dh\acegwt\client\ace\AceCompletionProvider.java
C:\Users\SIMONE\Downloads\AceGWT-gwt_2.11.0\AceGWT\src\main\java\edu\ycp\cs\dh\acegwt\client\ace\AceCommandDescription.java
C:\Users\SIMONE\Downloads\AceGWT-gwt_2.11.0\AceGWT\src\main\java\edu\ycp\cs\dh\acegwt\client\ace\AceCompletion.java
C:\Users\SIMONE\Downloads\AceGWT-gwt_2.11.0\AceGWT\src\main\java\edu\ycp\cs\dh\acegwt\client\ace\AceEditorCallback.java
C:\Users\SIMONE\Downloads\AceGWT-gwt_2.11.0\AceGWT\src\main\java\edu\ycp\cs\dh\acegwt\client\ace\AceCompletionSnippetSegmentLiteral.java
C:\Users\SIMONE\Downloads\AceGWT-gwt_2.11.0\AceGWT\src\main\java\edu\ycp\cs\dh\acegwt\client\ace\AceDefaultCommandLine.java
C:\Users\SIMONE\Downloads\AceGWT-gwt_2.11.0\AceGWT\src\main\java\edu\ycp\cs\dh\acegwt\client\ace\AceEditorTheme.java
C:\Users\SIMONE\Downloads\AceGWT-gwt_2.11.0\AceGWT\src\main\java\edu\ycp\cs\dh\acegwt\client\ace\AceCommand.java
C:\Users\SIMONE\Downloads\AceGWT-gwt_2.11.0\AceGWT\src\main\java\edu\ycp\cs\dh\acegwt\client\ace\AceSelection.java
